// Jest Snapshot v1, https://goo.gl/fbAQLP

exports[`Event Template should render correctly with events archive, event page 1`] = `
<div>
  <header
    className="md-paper md-paper--2 md-toolbar md-background--primary md-toolbar--text-white md-toolbar--fixed"
    style={
      Object {
        "backgroundColor": "rgb(47, 47, 47)",
      }
    }
  >
    <button
      className="md-btn md-btn--icon md-pointer--hover md-inline-block md-btn--toolbar md-toolbar--action-left"
      disabled={false}
      onClick={[Function]}
      onKeyDown={[Function]}
      onKeyUp={[Function]}
      onMouseDown={[Function]}
      onMouseEnter={[Function]}
      onMouseLeave={[Function]}
      onMouseUp={[Function]}
      onTouchEnd={[Function]}
      onTouchStart={[Function]}
      type="button"
    >
      <div
        className="md-ink-container"
      />
      <i
        className="md-icon material-icons md-text--inherit"
      >
        menu
      </i>
    </button>
    <h2
      className="md-title md-title--toolbar"
      style={
        Object {
          "fontFamily": "Berkshire Swash",
          "fontStyle": "italic",
        }
      }
    >
      Events
    </h2>
    <div
      className="md-cell--right md-toolbar--action-right"
    >
      <div
        className="md-btn--toolbar header-icons-container"
      >
        <div
          className="header-search-container"
        >
          <button
            className="md-btn md-pointer--hover md-text md-inline-block"
            onClick={[Function]}
            onKeyDown={[Function]}
            onKeyUp={[Function]}
            onMouseDown={[Function]}
            onMouseEnter={[Function]}
            onMouseLeave={[Function]}
            onMouseUp={[Function]}
            onTouchEnd={[Function]}
            onTouchStart={[Function]}
            style={
              Object {
                "alignItems": "center",
                "display": "flex",
              }
            }
            type="button"
          >
            <div
              className="md-ink-container"
            />
            <div
              className="md-badge-container md-inline-block"
            >
              <i
                className="md-icon material-icons"
                style={
                  Object {
                    "fontSize": "2rem",
                  }
                }
              >
                shopping_cart
              </i>
            </div>
          </button>
        </div>
        <div
          className="header-search-container"
        >
          <button
            className="md-btn md-pointer--hover md-text md-inline-block"
            onClick={[Function]}
            onKeyDown={[Function]}
            onKeyUp={[Function]}
            onMouseDown={[Function]}
            onMouseEnter={[Function]}
            onMouseLeave={[Function]}
            onMouseUp={[Function]}
            onTouchEnd={[Function]}
            onTouchStart={[Function]}
            style={
              Object {
                "alignItems": "center",
                "display": "flex",
              }
            }
            type="button"
          >
            <div
              className="md-ink-container"
            />
            <i
              className="md-icon material-icons"
              style={
                Object {
                  "fontSize": "2rem",
                }
              }
            >
              search
            </i>
          </button>
        </div>
      </div>
    </div>
  </header>
  <main
    className="md-navigation-drawer-content md-navigation-drawer-content--inactive md-transition--acceleration md-toolbar-relative"
    id="main-content"
    tabIndex={-1}
  >
    <div
      className="md-grid md-grid--no-spacing"
      style={
        Object {
          "maxWidth": 1100,
        }
      }
    >
      <div
        className="md-cell md-cell--8 main-contents"
      >
        <div
          className="link--container false"
        >
          <a
            href="/events"
            style={
              Object {
                "textDecoration": "none",
              }
            }
          >
            <div
              className="touchable-link "
              style={Object {}}
            >
              <div
                className="md-ink-container"
              />
              <div
                className="flex-center"
              >
                <i
                  className="md-icon material-icons"
                  style={
                    Object {
                      "color": "#ec6602",
                      "fontSize": "2rem",
                      "marginRight": 5,
                    }
                  }
                >
                  arrow_back
                </i>
                <p
                  className="back-title"
                >
                  All Events
                </p>
              </div>
            </div>
          </a>
        </div>
        <div
          style={
            Object {
              "padding": 20,
            }
          }
        >
          <div
            style={
              Object {
                "marginBottom": 30,
                "textAlign": "center",
              }
            }
          >
            <h4
              className="subtitle"
            >
              Past Event
            </h4>
            <h2
              className="title"
            >
              Moon Circle
            </h2>
            <h4
              className="subtitle"
            >
              Gemini NEW MOON Celebration
            </h4>
          </div>
          <div
            style={
              Object {
                "margin": "0 auto",
                "maxWidth": 400,
              }
            }
          >
            <img
              alt="event-page"
              src="/assets/gemini-moon-circle.jpg"
              style={
                Object {
                  "margin": "0 auto",
                  "objectFit": "cover",
                  "width": "100%",
                }
              }
            />
          </div>
          <div
            style={
              Object {
                "margin": "0 auto",
                "maxWidth": "500px",
              }
            }
          >
            <div
              style={
                Object {
                  "alignItems": "center",
                  "display": "flex",
                  "flexDirection": "column",
                  "padding": 10,
                }
              }
            >
              <div
                className="event-detail"
              >
                <i
                  className="md-icon material-icons"
                  style={
                    Object {
                      "marginRight": 5,
                    }
                  }
                >
                  place
                </i>
                <a
                  href="https://goo.gl/maps/MCzF4v3UguEXhmeq6"
                >
                  Divine Inspirations
                </a>
              </div>
              <div
                className="event-detail"
              >
                <i
                  className="md-icon material-icons"
                  style={
                    Object {
                      "marginRight": 5,
                    }
                  }
                >
                  event
                </i>
                <p
                  style={
                    Object {
                      "fontSize": "1.1rem",
                    }
                  }
                >
                  May 30, 2019 â€¢ 7 PM - 9 PM
                </p>
              </div>
            </div>
            <div
              dangerouslySetInnerHTML={
                Object {
                  "__html": "<p>Join us for a Goddess GEMINI Moon (12 Gemini) celebration at our sacred MOON CIRCLE.  We will explore the making \\"connections\\" lunar unfolding in June, learn about the \\"Lights Mandala\\" and apply our personal chart Lunar Planner to our monthly timing.</p>",
                }
              }
              style={
                Object {
                  "border": "1px solid rgba(15,70,100,.12)",
                  "borderRadius": 5,
                  "padding": 20,
                }
              }
            />
          </div>
        </div>
      </div>
      <div
        className="md-cell md-cell--4 md-cell--8-tablet sidebar-contents"
      >
        <div
          style={
            Object {
              "marginBottom": 30,
              "marginTop": 20,
            }
          }
        >
          <div
            className="sidebar-header"
          >
            <h5
              className="sidebar-header--title"
            >
              Events Calendar
            </h5>
          </div>
          <div>
            <ul
              className="md-list"
            >
              <div>
                <li
                  className="md-list-item md-list-item--nested-container"
                  style={Object {}}
                >
                  <div
                    aria-expanded={false}
                    aria-pressed={false}
                    className="md-fake-btn md-pointer--hover md-fake-btn--no-outline md-list-tile md-list-tile--two-lines md-text"
                    onBlur={[Function]}
                    onClick={[Function]}
                    onKeyDown={[Function]}
                    onKeyUp={[Function]}
                    onMouseLeave={[Function]}
                    onMouseOver={[Function]}
                    onTouchEnd={[Function]}
                    onTouchStart={[Function]}
                    role="button"
                    tabIndex={0}
                  >
                    <div
                      className="md-ink-container"
                    />
                    <div
                      className="md-tile-content"
                    >
                      <div
                        className="md-tile-text--primary md-text"
                        style={
                          Object {
                            "fontWeight": "bold",
                          }
                        }
                      >
                        May 2019
                      </div>
                      <div
                        className="md-tile-text--secondary md-text--secondary"
                        style={
                          Object {
                            "fontWeight": "bold",
                          }
                        }
                      >
                        1 events
                      </div>
                    </div>
                    <div
                      className="md-tile-addon md-tile-addon--icon"
                    >
                      <i
                        className="md-icon material-icons md-collapser"
                      >
                        keyboard_arrow_down
                      </i>
                    </div>
                  </div>
                </li>
              </div>
              <div>
                <li
                  className="md-list-item md-list-item--nested-container"
                  style={Object {}}
                >
                  <div
                    aria-expanded={false}
                    aria-pressed={false}
                    className="md-fake-btn md-pointer--hover md-fake-btn--no-outline md-list-tile md-list-tile--two-lines md-text"
                    onBlur={[Function]}
                    onClick={[Function]}
                    onKeyDown={[Function]}
                    onKeyUp={[Function]}
                    onMouseLeave={[Function]}
                    onMouseOver={[Function]}
                    onTouchEnd={[Function]}
                    onTouchStart={[Function]}
                    role="button"
                    tabIndex={0}
                  >
                    <div
                      className="md-ink-container"
                    />
                    <div
                      className="md-tile-content"
                    >
                      <div
                        className="md-tile-text--primary md-text"
                        style={
                          Object {
                            "fontWeight": "bold",
                          }
                        }
                      >
                        June 2019
                      </div>
                      <div
                        className="md-tile-text--secondary md-text--secondary"
                        style={
                          Object {
                            "fontWeight": "bold",
                          }
                        }
                      >
                        1 events
                      </div>
                    </div>
                    <div
                      className="md-tile-addon md-tile-addon--icon"
                    >
                      <i
                        className="md-icon material-icons md-collapser"
                      >
                        keyboard_arrow_down
                      </i>
                    </div>
                  </div>
                </li>
              </div>
            </ul>
          </div>
        </div>
        <div>
          <div
            className="sidebar-header"
          >
            <h5
              className="sidebar-header--title"
            >
              Latest Updates
            </h5>
          </div>
          <div
            style={
              Object {
                "padding": 10,
              }
            }
          >
            <a
              href="/blog/norwac-i-am-on-my-way/"
              style={
                Object {
                  "textDecoration": "none",
                }
              }
            >
              <div
                className="touchable-link thumbnail-card"
                style={Object {}}
              >
                <div
                  className="md-ink-container"
                />
                <div
                  className="thumbnail-image"
                  style={
                    Object {
                      "backgroundImage": "url(/assets/cancer-norwac.jpg)",
                    }
                  }
                />
                <div
                  className="thumbnail-text"
                >
                  <p
                    className="thumbnail-text--title"
                  >
                    NORWAC - I AM ON MY WAY
                  </p>
                  <p
                    className="thumbnail-text--subtitle"
                  >
                    Posted on:
                     
                    <span
                      style={
                        Object {
                          "color": "rgba(0, 0, 0, 0.87)",
                          "fontWeight": "bold",
                        }
                      }
                    >
                      May 23, 2019
                    </span>
                  </p>
                </div>
              </div>
            </a>
            <a
              href="/blog/the-pleiades/"
              style={
                Object {
                  "textDecoration": "none",
                }
              }
            >
              <div
                className="touchable-link thumbnail-card"
                style={Object {}}
              >
                <div
                  className="md-ink-container"
                />
                <div
                  className="thumbnail-image"
                  style={
                    Object {
                      "backgroundImage": "url(/assets/pleiades.jpg)",
                    }
                  }
                />
                <div
                  className="thumbnail-text"
                >
                  <p
                    className="thumbnail-text--title"
                  >
                    The Pleiades
                  </p>
                  <p
                    className="thumbnail-text--subtitle"
                  >
                    Posted on:
                     
                    <span
                      style={
                        Object {
                          "color": "rgba(0, 0, 0, 0.87)",
                          "fontWeight": "bold",
                        }
                      }
                    >
                      May 21, 2019
                    </span>
                  </p>
                </div>
              </div>
            </a>
          </div>
        </div>
      </div>
    </div>
    <div
      className="md-grid footer--grid"
    >
      <div
        className="md-cell md-cell--6 md-cell--8-tablet"
      >
        <div
          style={
            Object {
              "alignItems": "center",
              "display": "flex",
            }
          }
        >
          <div
            style={
              Object {
                "marginRight": 10,
              }
            }
          >
            <img
              alt="Celestial Loom Logo"
              src="File contents (usually images)"
              style={
                Object {
                  "width": 50,
                }
              }
            />
          </div>
          <h3
            className="footer--title"
          >
            The Celestial Loom
          </h3>
        </div>
        <div
          style={
            Object {
              "padding": 10,
            }
          }
        >
          <p
            className="footer--text"
          >
            Â©
             Copyright 2019, Nikki Davenport.
          </p>
          <p
            className="footer--text"
          >
            Cover photography by Photo by Anastasia Dulgier on Unsplash.
          </p>
          <p
            className="footer--text"
          >
            Built with Gatsby and Netflify CMS.
          </p>
        </div>
      </div>
      <div
        className="md-cell md-cell--6 md-cell--8-tablet"
      >
        <div
          className="md-grid"
        >
          <div
            className="md-cell md-cell--6 md-cell--4-tablet"
          >
            <p
              className="subheader"
            >
              Links
            </p>
            <ul
              className="footer--list"
            >
              <li
                className="footer--line-item"
              >
                <a
                  href="/home/"
                  style={
                    Object {
                      "color": "white",
                    }
                  }
                >
                  Home
                </a>
              </li>
              <li
                className="footer--line-item"
              >
                <a
                  href="/about-nikki/"
                  style={
                    Object {
                      "color": "white",
                    }
                  }
                >
                  About Nikki
                </a>
              </li>
              <li
                className="footer--line-item"
              >
                <a
                  href="/getting-started/"
                  style={
                    Object {
                      "color": "white",
                    }
                  }
                >
                  Getting Started
                </a>
              </li>
              <li
                className="footer--line-item"
              >
                <a
                  href="/posts/"
                  style={
                    Object {
                      "color": "white",
                    }
                  }
                >
                  Posts
                </a>
              </li>
              <li
                className="footer--line-item"
              >
                <a
                  href="/events/"
                  style={
                    Object {
                      "color": "white",
                    }
                  }
                >
                  Events
                </a>
              </li>
              <li
                className="footer--line-item"
              >
                <a
                  href="/services/"
                  style={
                    Object {
                      "color": "white",
                    }
                  }
                >
                  Services
                </a>
              </li>
              <li
                className="footer--line-item"
              >
                <a
                  href="/toolbox/"
                  style={
                    Object {
                      "color": "white",
                    }
                  }
                >
                  Astro Toolbox
                </a>
              </li>
            </ul>
          </div>
          <div
            className="md-cell md-cell--6 md-cell--4-tablet"
          >
            <p
              className="subheader"
            >
              Contact
            </p>
            <ul
              className="footer--list"
            >
              <li>
                <div
                  className="footer--link"
                >
                  <i
                    className="md-icon material-icons"
                    style={
                      Object {
                        "color": "white",
                      }
                    }
                  >
                    email
                  </i>
                  <a
                    className="footer--link__link"
                    href="mailto: nikiastro@att.net"
                  >
                    Email Nikki
                  </a>
                </div>
              </li>
              <li>
                <div
                  className="footer--link"
                >
                  <svg
                    fill="white"
                    height={20}
                    viewBox="0 0 24 24"
                    width={20}
                    xmlns="http://www.w3.org/2000/svg"
                  >
                    <path
                      d="M12 0c-6.627 0-12 5.373-12 12s5.373 12 12 12 12-5.373 12-12-5.373-12-12-12zm3 8h-1.35c-.538 0-.65.221-.65.778v1.222h2l-.209 2h-1.791v7h-3v-7h-2v-2h2v-2.308c0-1.769.931-2.692 3.029-2.692h1.971v3z"
                    />
                  </svg>
                  <a
                    className="footer--link__link"
                    href="https://www.facebook.com/celestialloom/"
                  >
                    Facebook
                  </a>
                </div>
              </li>
              <li>
                <div
                  className="footer--link"
                >
                  <svg
                    fill="white"
                    height={20}
                    viewBox="0 0 24 24"
                    width={20}
                    xmlns="http://www.w3.org/2000/svg"
                  >
                    <path
                      d="M12 0c-6.627 0-12 5.373-12 12s5.373 12 12 12 12-5.373 12-12-5.373-12-12-12zm6.066 9.645c.183 4.04-2.83 8.544-8.164 8.544-1.622 0-3.131-.476-4.402-1.291 1.524.18 3.045-.244 4.252-1.189-1.256-.023-2.317-.854-2.684-1.995.451.086.895.061 1.298-.049-1.381-.278-2.335-1.522-2.304-2.853.388.215.83.344 1.301.359-1.279-.855-1.641-2.544-.889-3.835 1.416 1.738 3.533 2.881 5.92 3.001-.419-1.796.944-3.527 2.799-3.527.825 0 1.572.349 2.096.907.654-.128 1.27-.368 1.824-.697-.215.671-.67 1.233-1.263 1.589.581-.07 1.135-.224 1.649-.453-.384.578-.87 1.084-1.433 1.489z"
                    />
                  </svg>
                  <a
                    className="footer--link__link"
                    href="https://twitter.com/nikiastro"
                  >
                    Twitter
                  </a>
                </div>
              </li>
            </ul>
          </div>
        </div>
      </div>
    </div>
  </main>
</div>
`;
