// Jest Snapshot v1, https://goo.gl/fbAQLP

exports[`Layout should render correctly with no children 1`] = `
<div>
  <header
    className="md-paper md-paper--2 md-toolbar md-background--primary md-toolbar--text-white md-toolbar--fixed"
    style={
      Object {
        "backgroundColor": "rgb(47, 47, 47)",
      }
    }
  >
    <button
      className="md-btn md-btn--icon md-pointer--hover md-inline-block md-btn--toolbar md-toolbar--action-left"
      disabled={false}
      onClick={[Function]}
      onKeyDown={[Function]}
      onKeyUp={[Function]}
      onMouseDown={[Function]}
      onMouseEnter={[Function]}
      onMouseLeave={[Function]}
      onMouseUp={[Function]}
      onTouchEnd={[Function]}
      onTouchStart={[Function]}
      type="button"
    >
      <div
        className="md-ink-container"
      />
      <i
        className="md-icon material-icons md-text--inherit"
      >
        menu
      </i>
    </button>
    <div
      className="md-cell--right md-toolbar--action-right"
    >
      <div
        className="md-btn--toolbar header-icons-container"
      >
        <div
          className="header-search-container"
        >
          <button
            className="md-btn md-pointer--hover md-text md-inline-block"
            onClick={[Function]}
            onKeyDown={[Function]}
            onKeyUp={[Function]}
            onMouseDown={[Function]}
            onMouseEnter={[Function]}
            onMouseLeave={[Function]}
            onMouseUp={[Function]}
            onTouchEnd={[Function]}
            onTouchStart={[Function]}
            style={
              Object {
                "alignItems": "center",
                "display": "flex",
              }
            }
            type="button"
          >
            <div
              className="md-ink-container"
            />
            <div
              className="md-badge-container md-inline-block"
            >
              <i
                className="md-icon material-icons"
                style={
                  Object {
                    "fontSize": "2rem",
                  }
                }
              >
                shopping_cart
              </i>
            </div>
          </button>
        </div>
        <div
          className="header-search-container"
        >
          <button
            className="md-btn md-pointer--hover md-text md-inline-block"
            onClick={[Function]}
            onKeyDown={[Function]}
            onKeyUp={[Function]}
            onMouseDown={[Function]}
            onMouseEnter={[Function]}
            onMouseLeave={[Function]}
            onMouseUp={[Function]}
            onTouchEnd={[Function]}
            onTouchStart={[Function]}
            style={
              Object {
                "alignItems": "center",
                "display": "flex",
              }
            }
            type="button"
          >
            <div
              className="md-ink-container"
            />
            <i
              className="md-icon material-icons"
              style={
                Object {
                  "fontSize": "2rem",
                }
              }
            >
              search
            </i>
          </button>
        </div>
      </div>
    </div>
  </header>
  <main
    className="md-navigation-drawer-content md-navigation-drawer-content--inactive md-transition--acceleration md-toolbar-relative"
    id="main-content"
    tabIndex={-1}
  >
    <div
      className="md-grid md-grid--no-spacing"
      style={
        Object {
          "maxWidth": 1100,
        }
      }
    >
      <div
        className="md-cell md-cell--8 main-contents"
      />
      <div
        className="md-cell md-cell--4 md-cell--8-tablet sidebar-contents"
      />
    </div>
    <div
      className="md-grid footer--grid"
    >
      <div
        className="md-cell md-cell--6 md-cell--8-tablet"
      >
        <div
          style={
            Object {
              "alignItems": "center",
              "display": "flex",
            }
          }
        >
          <div
            style={
              Object {
                "marginRight": 10,
              }
            }
          >
            <img
              alt="Celestial Loom Logo"
              src="File contents (usually images)"
              style={
                Object {
                  "width": 50,
                }
              }
            />
          </div>
          <h3
            className="footer--title"
          >
            The Celestial Loom
          </h3>
        </div>
        <div
          style={
            Object {
              "padding": 10,
            }
          }
        >
          <p
            className="footer--text"
          >
            Â©
             Copyright 2019, Nikki Davenport.
          </p>
          <p
            className="footer--text"
          >
            Cover photography by Photo by Anastasia Dulgier on Unsplash.
          </p>
          <p
            className="footer--text"
          >
            Built with Gatsby and Netflify CMS.
          </p>
        </div>
      </div>
      <div
        className="md-cell md-cell--6 md-cell--8-tablet"
      >
        <div
          className="md-grid"
        >
          <div
            className="md-cell md-cell--6 md-cell--4-tablet"
          >
            <p
              className="subheader"
            >
              Links
            </p>
            <ul
              className="footer--list"
            >
              <li
                className="footer--line-item"
              >
                <a
                  href="/home/"
                  style={
                    Object {
                      "color": "white",
                    }
                  }
                >
                  Home
                </a>
              </li>
              <li
                className="footer--line-item"
              >
                <a
                  href="/about-nikki/"
                  style={
                    Object {
                      "color": "white",
                    }
                  }
                >
                  About Nikki
                </a>
              </li>
              <li
                className="footer--line-item"
              >
                <a
                  href="/getting-started/"
                  style={
                    Object {
                      "color": "white",
                    }
                  }
                >
                  Getting Started
                </a>
              </li>
              <li
                className="footer--line-item"
              >
                <a
                  href="/posts/"
                  style={
                    Object {
                      "color": "white",
                    }
                  }
                >
                  Posts
                </a>
              </li>
              <li
                className="footer--line-item"
              >
                <a
                  href="/events/"
                  style={
                    Object {
                      "color": "white",
                    }
                  }
                >
                  Events
                </a>
              </li>
              <li
                className="footer--line-item"
              >
                <a
                  href="/posts/"
                  style={
                    Object {
                      "color": "white",
                    }
                  }
                >
                  Services
                </a>
              </li>
              <li
                className="footer--line-item"
              >
                <a
                  href="/posts/"
                  style={
                    Object {
                      "color": "white",
                    }
                  }
                >
                  Astro Toolbox
                </a>
              </li>
            </ul>
          </div>
          <div
            className="md-cell md-cell--6 md-cell--4-tablet"
          >
            <p
              className="subheader"
            >
              Contact
            </p>
            <ul
              className="footer--list"
            >
              <li>
                <div
                  className="footer--link"
                >
                  <i
                    className="md-icon material-icons"
                    style={
                      Object {
                        "color": "white",
                      }
                    }
                  >
                    email
                  </i>
                  <a
                    className="footer--link__link"
                    href="mailto: nikiastro@att.net"
                  >
                    Email Nikki
                  </a>
                </div>
              </li>
              <li>
                <div
                  className="footer--link"
                >
                  <svg
                    fill="white"
                    height={20}
                    viewBox="0 0 24 24"
                    width={20}
                    xmlns="http://www.w3.org/2000/svg"
                  >
                    <path
                      d="M12 0c-6.627 0-12 5.373-12 12s5.373 12 12 12 12-5.373 12-12-5.373-12-12-12zm3 8h-1.35c-.538 0-.65.221-.65.778v1.222h2l-.209 2h-1.791v7h-3v-7h-2v-2h2v-2.308c0-1.769.931-2.692 3.029-2.692h1.971v3z"
                    />
                  </svg>
                  <a
                    className="footer--link__link"
                    href="https://www.facebook.com/celestialloom/"
                  >
                    Facebook
                  </a>
                </div>
              </li>
              <li>
                <div
                  className="footer--link"
                >
                  <svg
                    fill="white"
                    height={20}
                    viewBox="0 0 24 24"
                    width={20}
                    xmlns="http://www.w3.org/2000/svg"
                  >
                    <path
                      d="M12 0c-6.627 0-12 5.373-12 12s5.373 12 12 12 12-5.373 12-12-5.373-12-12-12zm6.066 9.645c.183 4.04-2.83 8.544-8.164 8.544-1.622 0-3.131-.476-4.402-1.291 1.524.18 3.045-.244 4.252-1.189-1.256-.023-2.317-.854-2.684-1.995.451.086.895.061 1.298-.049-1.381-.278-2.335-1.522-2.304-2.853.388.215.83.344 1.301.359-1.279-.855-1.641-2.544-.889-3.835 1.416 1.738 3.533 2.881 5.92 3.001-.419-1.796.944-3.527 2.799-3.527.825 0 1.572.349 2.096.907.654-.128 1.27-.368 1.824-.697-.215.671-.67 1.233-1.263 1.589.581-.07 1.135-.224 1.649-.453-.384.578-.87 1.084-1.433 1.489z"
                    />
                  </svg>
                  <a
                    className="footer--link__link"
                    href="https://twitter.com/nikiastro"
                  >
                    Twitter
                  </a>
                </div>
              </li>
            </ul>
          </div>
        </div>
      </div>
    </div>
  </main>
</div>
`;
